2026-10-08T17:54:38.3945619Z Current runner version: '2.337.0'
2026-10-08T17:54:38.3961709Z ##[group]Runner Image Provisioner
2026-10-08T17:54:38.3962190Z Hosted Compute Agent
2026-10-08T17:54:38.3962544Z Version: 20260901.588
2026-10-08T17:54:38.3962908Z Commit: f88ec8081b781fac6c440065ac7ff9e710ce3d0b
2026-10-08T17:54:38.3963317Z Build Date: 2026-09-01T19:56:44Z
2026-10-08T17:54:38.3963720Z Worker ID: {1e4db4bd-b02f-4fd0-9eb7-7e0f798533b2}
2026-10-08T17:54:38.3964147Z Azure Region: westus3
2026-10-08T17:54:38.3964471Z ##[endgroup]
2026-10-08T17:54:38.3965210Z ##[group]Operating System
2026-10-08T17:54:38.3965913Z Microsoft Windows Server 2025
2026-10-08T17:54:38.3966279Z 10.0.26100
2026-10-08T17:54:38.3966578Z Datacenter
2026-10-08T17:54:38.3966875Z ##[endgroup]
2026-10-08T17:54:38.3967189Z ##[group]Runner Image
2026-10-08T17:54:38.3967519Z Image: windows-2025-vs2026
2026-10-08T17:54:38.3967891Z Version: 20260925.250.1
2026-10-08T17:54:38.3968729Z Included Software: https://github.com/actions/runner-images/blob/win25-vs2026/20260925.250/images/windows/Windows2025-VS2026-Readme.md
2026-10-08T17:54:38.3969640Z Image Release: https://github.com/actions/runner-images/releases/tag/win25-vs2026%2F20260925.250
2026-10-08T17:54:38.3970192Z ##[endgroup]
2026-10-08T17:54:38.3970837Z ##[group]GITHUB_TOKEN Permissions
2026-10-08T17:54:38.3971998Z Contents: read
2026-10-08T17:54:38.3972336Z Metadata: read
2026-10-08T17:54:38.3972645Z ##[endgroup]
2026-10-08T17:54:38.3973881Z Secret source: Actions
2026-10-08T17:54:38.3974373Z Cache mode: write
2026-10-08T17:54:38.3974783Z Prepare workflow directory
2026-10-08T17:54:38.4213534Z Prepare all required actions
2026-10-08T17:54:38.4245623Z Getting action download info
2026-10-08T17:54:38.7618474Z Download action repository 'actions/checkout@11d5960a326750d5838078e36cf38b85af677262' (SHA:11d5960a326750d5838078e36cf38b85af677262)
2026-10-08T17:54:38.8402646Z Download action repository 'actions/setup-python@a26af69be951a213d495a4c3e4e4022e16d87065' (SHA:a26af69be951a213d495a4c3e4e4022e16d87065)
2026-10-08T17:54:38.9489399Z Download action repository 'actions/upload-artifact@v4' (SHA:ea165f8d65b6e75b540449e92b4886f43607fa02)
2026-10-08T17:54:39.1754620Z Complete job name: candidate
2026-10-08T17:54:39.3397377Z ##[group]Run actions/checkout@11d5960a326750d5838078e36cf38b85af677262
2026-10-08T17:54:39.3398163Z with:
2026-10-08T17:54:39.3398407Z   ref: 8d6da6773e9044e4b991252bbd9d54bd3da68c67
2026-10-08T17:54:39.3398712Z   fetch-depth: 0
2026-10-08T17:54:39.3398948Z   persist-credentials: false
2026-10-08T17:54:39.3399229Z   repository: PAPACREATOR/nexus-writer-lab
2026-10-08T17:54:39.3401647Z   token: ***
2026-10-08T17:54:39.3401865Z   ssh-strict: true
2026-10-08T17:54:39.3402084Z   ssh-user: git
2026-10-08T17:54:39.3402296Z   clean: true
2026-10-08T17:54:39.3402524Z   sparse-checkout-cone-mode: true
2026-10-08T17:54:39.3402796Z   fetch-tags: false
2026-10-08T17:54:39.3403022Z   show-progress: true
2026-10-08T17:54:39.3403247Z   lfs: false
2026-10-08T17:54:39.3403461Z   submodules: false
2026-10-08T17:54:39.3403711Z   set-safe-directory: true
2026-10-08T17:54:39.3403973Z   allow-unsafe-pr-checkout: false
2026-10-08T17:54:39.3404344Z env:
2026-10-08T17:54:39.3404568Z   PYTHONUTF8: 1
2026-10-08T17:54:39.3404786Z ##[endgroup]
2026-10-08T17:54:39.4381020Z Syncing repository: PAPACREATOR/nexus-writer-lab
2026-10-08T17:54:39.4382660Z ##[group]Getting Git version info
2026-10-08T17:54:39.4383040Z Working directory is 'D:\a\nexus-writer-lab\nexus-writer-lab'
2026-10-08T17:54:39.4855303Z [command]"C:\Program Files\Git\bin\git.exe" version
2026-10-08T17:54:39.8147398Z git version 2.55.0.windows.5
2026-10-08T17:54:39.8183234Z ##[endgroup]
2026-10-08T17:54:39.8195608Z Temporarily overriding HOME='D:\a\_temp\ba31c640-0d9a-4981-9943-a4945c801617' before making global git config changes
2026-10-08T17:54:39.8196307Z Adding repository directory to the temporary git global config as a safe directory
2026-10-08T17:54:39.8203711Z [command]"C:\Program Files\Git\bin\git.exe" config --global --add safe.directory D:\a\nexus-writer-lab\nexus-writer-lab
2026-10-08T17:54:39.8724808Z Deleting the contents of 'D:\a\nexus-writer-lab\nexus-writer-lab'
2026-10-08T17:54:39.8728523Z ##[group]Initializing the repository
2026-10-08T17:54:39.8734077Z [command]"C:\Program Files\Git\bin\git.exe" init D:\a\nexus-writer-lab\nexus-writer-lab
2026-10-08T17:54:39.9419201Z Initialized empty Git repository in D:/a/nexus-writer-lab/nexus-writer-lab/.git/
2026-10-08T17:54:39.9445665Z [command]"C:\Program Files\Git\bin\git.exe" remote add origin https://github.com/PAPACREATOR/nexus-writer-lab
2026-10-08T17:54:39.9956894Z ##[endgroup]
2026-10-08T17:54:39.9957287Z ##[group]Disabling automatic garbage collection
2026-10-08T17:54:39.9963018Z [command]"C:\Program Files\Git\bin\git.exe" config --local gc.auto 0
2026-10-08T17:54:40.0141899Z ##[endgroup]
2026-10-08T17:54:40.0142278Z ##[group]Setting up auth
2026-10-08T17:54:40.0149842Z [command]"C:\Program Files\Git\bin\git.exe" config --local --name-only --get-regexp core\.sshCommand
2026-10-08T17:54:40.0331711Z [command]"C:\Program Files\Git\bin\git.exe" submodule foreach --recursive "sh -c \"git config --local --name-only --get-regexp 'core\.sshCommand' && git config --local --unset-all 'core.sshCommand' || :\""
2026-10-08T17:54:41.3304245Z [command]"C:\Program Files\Git\bin\git.exe" config --local --name-only --get-regexp http\.https\:\/\/github\.com\/\.extraheader
2026-10-08T17:54:41.3498496Z [command]"C:\Program Files\Git\bin\git.exe" submodule foreach --recursive "sh -c \"git config --local --name-only --get-regexp 'http\.https\:\/\/github\.com\/\.extraheader' && git config --local --unset-all 'http.https://github.com/.extraheader' || :\""
2026-10-08T17:54:41.6903766Z [command]"C:\Program Files\Git\bin\git.exe" config --local --name-only --get-regexp ^includeIf\.gitdir:
2026-10-08T17:54:41.7091276Z [command]"C:\Program Files\Git\bin\git.exe" submodule foreach --recursive "git config --local --show-origin --name-only --get-regexp remote.origin.url"
2026-10-08T17:54:42.0941196Z [command]"C:\Program Files\Git\bin\git.exe" config --local http.https://github.com/.extraheader "AUTHORIZATION: basic ***"
2026-10-08T17:54:42.1134957Z ##[endgroup]
2026-10-08T17:54:42.1136615Z ##[group]Fetching the repository
2026-10-08T17:54:42.1143459Z [command]"C:\Program Files\Git\bin\git.exe" -c protocol.version=2 fetch --prune --no-recurse-submodules origin +refs/heads/*:refs/remotes/origin/* +refs/tags/*:refs/tags/*
2026-10-08T17:54:43.9638719Z From https://github.com/PAPACREATOR/nexus-writer-lab
2026-10-08T17:54:43.9639196Z  * [new branch]      main       -> origin/main
2026-10-08T17:54:43.9674862Z [command]"C:\Program Files\Git\bin\git.exe" rev-parse --verify --quiet 8d6da6773e9044e4b991252bbd9d54bd3da68c67^{object}
2026-10-08T17:54:43.9851576Z 8d6da6773e9044e4b991252bbd9d54bd3da68c67
2026-10-08T17:54:43.9872347Z ##[endgroup]
2026-10-08T17:54:43.9872688Z ##[group]Determining the checkout info
2026-10-08T17:54:43.9873608Z ##[endgroup]
2026-10-08T17:54:43.9879774Z [command]"C:\Program Files\Git\bin\git.exe" sparse-checkout disable
2026-10-08T17:54:44.0166752Z [command]"C:\Program Files\Git\bin\git.exe" config --local --unset-all extensions.worktreeConfig
2026-10-08T17:54:44.0347925Z ##[group]Checking out the ref
2026-10-08T17:54:44.0348320Z [command]"C:\Program Files\Git\bin\git.exe" checkout --progress --force 8d6da6773e9044e4b991252bbd9d54bd3da68c67
2026-10-08T17:54:44.3285957Z Note: switching to '8d6da6773e9044e4b991252bbd9d54bd3da68c67'.
2026-10-08T17:54:44.3286405Z 
2026-10-08T17:54:44.3286524Z You are in 'detached HEAD' state. You can look around, make experimental
2026-10-08T17:54:44.3286889Z changes and commit them, and you can discard any commits you make in this
2026-10-08T17:54:44.3287296Z state without impacting any branches by switching back to a branch.
2026-10-08T17:54:44.3287531Z 
2026-10-08T17:54:44.3287675Z If you want to create a new branch to retain commits you create, you may
2026-10-08T17:54:44.3288067Z do so (now or later) by using -c with the switch command. Example:
2026-10-08T17:54:44.3288979Z 
2026-10-08T17:54:44.3289105Z   git switch -c <new-branch-name>
2026-10-08T17:54:44.3289266Z 
2026-10-08T17:54:44.3289361Z Or undo this operation with:
2026-10-08T17:54:44.3289450Z 
2026-10-08T17:54:44.3289531Z   git switch -
2026-10-08T17:54:44.3289629Z 
2026-10-08T17:54:44.3289785Z Turn off this advice by setting config variable advice.detachedHead to false
2026-10-08T17:54:44.3290000Z 
2026-10-08T17:54:44.3290193Z HEAD is now at 8d6da67 Require non-elevated owned fixtures for all future candidate executions
2026-10-08T17:54:44.3413556Z ##[endgroup]
2026-10-08T17:54:44.3712996Z [command]"C:\Program Files\Git\bin\git.exe" log -1 --format=%H
2026-10-08T17:54:44.3880007Z 8d6da6773e9044e4b991252bbd9d54bd3da68c67
2026-10-08T17:54:44.3906183Z ##[group]Removing auth
2026-10-08T17:54:44.3911504Z [command]"C:\Program Files\Git\bin\git.exe" config --local --name-only --get-regexp core\.sshCommand
2026-10-08T17:54:44.4093969Z [command]"C:\Program Files\Git\bin\git.exe" submodule foreach --recursive "sh -c \"git config --local --name-only --get-regexp 'core\.sshCommand' && git config --local --unset-all 'core.sshCommand' || :\""
2026-10-08T17:54:44.7776140Z [command]"C:\Program Files\Git\bin\git.exe" config --local --name-only --get-regexp http\.https\:\/\/github\.com\/\.extraheader
2026-10-08T17:54:44.7937992Z http.https://github.com/.extraheader
2026-10-08T17:54:44.7964347Z [command]"C:\Program Files\Git\bin\git.exe" config --local --unset-all http.https://github.com/.extraheader
2026-10-08T17:54:44.8155158Z [command]"C:\Program Files\Git\bin\git.exe" submodule foreach --recursive "sh -c \"git config --local --name-only --get-regexp 'http\.https\:\/\/github\.com\/\.extraheader' && git config --local --unset-all 'http.https://github.com/.extraheader' || :\""
2026-10-08T17:54:45.1739390Z [command]"C:\Program Files\Git\bin\git.exe" config --local --name-only --get-regexp ^includeIf\.gitdir:
2026-10-08T17:54:45.1949301Z [command]"C:\Program Files\Git\bin\git.exe" submodule foreach --recursive "git config --local --show-origin --name-only --get-regexp remote.origin.url"
2026-10-08T17:54:45.5661692Z ##[endgroup]
2026-10-08T17:54:45.5998633Z ##[group]Run actions/setup-python@a26af69be951a213d495a4c3e4e4022e16d87065
2026-10-08T17:54:45.5998913Z with:
2026-10-08T17:54:45.5999037Z   python-version: 3.12
2026-10-08T17:54:45.5999165Z   check-latest: false
2026-10-08T17:54:45.6000623Z   token: ***
2026-10-08T17:54:45.6000739Z   update-environment: true
2026-10-08T17:54:45.6001117Z   allow-prereleases: false
2026-10-08T17:54:45.6001271Z   freethreaded: false
2026-10-08T17:54:45.6001385Z env:
2026-10-08T17:54:45.6001487Z   PYTHONUTF8: 1
2026-10-08T17:54:45.6001604Z ##[endgroup]
2026-10-08T17:54:45.7045107Z ##[group]Installed versions
2026-10-08T17:54:45.7209782Z (node:8980) [DEP0040] DeprecationWarning: The `punycode` module is deprecated. Please use a userland alternative instead.
2026-10-08T17:54:45.7210431Z (Use `node --trace-deprecation ...` to show where the warning was created)
2026-10-08T17:54:45.7210891Z Successfully set up CPython (3.12.10)
2026-10-08T17:54:45.7212002Z ##[endgroup]
2026-10-08T17:54:45.7439095Z ##[group]Run ./lab/install-writer.ps1
2026-10-08T17:54:45.7439377Z [36;1m./lab/install-writer.ps1[0m
2026-10-08T17:54:45.7971577Z shell: C:\Program Files\PowerShell\7\pwsh.EXE -command ". '{0}'"
2026-10-08T17:54:45.7971790Z env:
2026-10-08T17:54:45.7971895Z   PYTHONUTF8: 1
2026-10-08T17:54:45.7972061Z   pythonLocation: C:\hostedtoolcache\windows\Python\3.12.10\x64
2026-10-08T17:54:45.7972350Z   PKG_CONFIG_PATH: C:\hostedtoolcache\windows\Python\3.12.10\x64/lib/pkgconfig
2026-10-08T17:54:45.7972652Z   Python_ROOT_DIR: C:\hostedtoolcache\windows\Python\3.12.10\x64
2026-10-08T17:54:45.7972879Z   Python2_ROOT_DIR: C:\hostedtoolcache\windows\Python\3.12.10\x64
2026-10-08T17:54:45.7973103Z   Python3_ROOT_DIR: C:\hostedtoolcache\windows\Python\3.12.10\x64
2026-10-08T17:54:45.7973285Z ##[endgroup]
2026-10-08T17:56:31.8264042Z ##[group]Run python -m pip install jsonschema==4.26.0 pytest==9.1.1
2026-10-08T17:56:31.8264392Z [36;1mpython -m pip install jsonschema==4.26.0 pytest==9.1.1[0m
2026-10-08T17:56:31.8323180Z shell: C:\Program Files\PowerShell\7\pwsh.EXE -command ". '{0}'"
2026-10-08T17:56:31.8323487Z env:
2026-10-08T17:56:31.8323649Z   PYTHONUTF8: 1
2026-10-08T17:56:31.8323809Z   pythonLocation: C:\hostedtoolcache\windows\Python\3.12.10\x64
2026-10-08T17:56:31.8324058Z   PKG_CONFIG_PATH: C:\hostedtoolcache\windows\Python\3.12.10\x64/lib/pkgconfig
2026-10-08T17:56:31.8324301Z   Python_ROOT_DIR: C:\hostedtoolcache\windows\Python\3.12.10\x64
2026-10-08T17:56:31.8324521Z   Python2_ROOT_DIR: C:\hostedtoolcache\windows\Python\3.12.10\x64
2026-10-08T17:56:31.8324734Z   Python3_ROOT_DIR: C:\hostedtoolcache\windows\Python\3.12.10\x64
2026-10-08T17:56:31.8324952Z   LIBREOFFICE_EXE: C:\Program Files\LibreOffice\program\soffice.com
2026-10-08T17:56:31.8325133Z ##[endgroup]
2026-10-08T17:56:46.8075422Z Collecting jsonschema==4.26.0
2026-10-08T17:56:46.9722030Z   Downloading jsonschema-4.26.0-py3-none-any.whl.metadata (7.6 kB)
2026-10-08T17:56:47.0752599Z Collecting pytest==9.1.1
2026-10-08T17:56:47.0941190Z   Downloading pytest-9.1.1-py3-none-any.whl.metadata (7.6 kB)
2026-10-08T17:56:47.2238680Z Collecting attrs>=22.2.0 (from jsonschema==4.26.0)
2026-10-08T17:56:47.2345055Z   Downloading attrs-26.1.0-py3-none-any.whl.metadata (8.8 kB)
2026-10-08T17:56:47.3419553Z Collecting jsonschema-specifications>=2023.03.6 (from jsonschema==4.26.0)
2026-10-08T17:56:47.3524340Z   Downloading jsonschema_specifications-2025.9.1-py3-none-any.whl.metadata (2.9 kB)
2026-10-08T17:56:47.4617095Z Collecting referencing>=0.28.4 (from jsonschema==4.26.0)
2026-10-08T17:56:47.4721945Z   Downloading referencing-0.37.0-py3-none-any.whl.metadata (2.8 kB)
2026-10-08T17:56:47.7468364Z Collecting rpds-py>=0.25.0 (from jsonschema==4.26.0)
2026-10-08T17:56:47.7581438Z   Downloading rpds_py-2026.9.1-cp312-cp312-win_amd64.whl.metadata (4.2 kB)
2026-10-08T17:56:47.7974701Z Requirement already satisfied: colorama>=0.4 in C:\hostedtoolcache\windows\Python\3.12.10\x64\Lib\site-packages (from pytest==9.1.1) (0.4.6)
2026-10-08T17:56:47.8429211Z Collecting iniconfig>=1.0.1 (from pytest==9.1.1)
2026-10-08T17:56:47.8533927Z   Downloading iniconfig-2.3.1-py3-none-any.whl.metadata (2.8 kB)
2026-10-08T17:56:47.9070637Z Requirement already satisfied: packaging>=22 in C:\hostedtoolcache\windows\Python\3.12.10\x64\Lib\site-packages (from pytest==9.1.1) (26.3)
2026-10-08T17:56:47.9533302Z Collecting pluggy<2,>=1.5 (from pytest==9.1.1)
2026-10-08T17:56:47.9638497Z   Downloading pluggy-1.6.0-py3-none-any.whl.metadata (4.8 kB)
2026-10-08T17:56:48.0593156Z Collecting pygments>=2.7.2 (from pytest==9.1.1)
2026-10-08T17:56:48.0697639Z   Downloading pygments-2.21.0-py3-none-any.whl.metadata (2.5 kB)
2026-10-08T17:56:48.2527975Z Collecting typing-extensions>=4.4.0 (from referencing>=0.28.4->jsonschema==4.26.0)
2026-10-08T17:56:48.2671066Z   Downloading typing_extensions-4.16.0-py3-none-any.whl.metadata (3.3 kB)
2026-10-08T17:56:48.3250724Z Downloading jsonschema-4.26.0-py3-none-any.whl (90 kB)
2026-10-08T17:56:48.3924343Z Downloading pytest-9.1.1-py3-none-any.whl (386 kB)
2026-10-08T17:56:48.4885445Z Downloading pluggy-1.6.0-py3-none-any.whl (20 kB)
2026-10-08T17:56:48.6198449Z Downloading attrs-26.1.0-py3-none-any.whl (67 kB)
2026-10-08T17:56:48.6789891Z Downloading iniconfig-2.3.1-py3-none-any.whl (7.6 kB)
2026-10-08T17:56:48.7157045Z Downloading jsonschema_specifications-2025.9.1-py3-none-any.whl (18 kB)
2026-10-08T17:56:48.7610718Z Downloading pygments-2.21.0-py3-none-any.whl (1.3 MB)
2026-10-08T17:56:48.8977334Z    ---------------------------------------- 1.3/1.3 MB 9.0 MB/s  0:00:00
2026-10-08T17:56:48.9079610Z Downloading referencing-0.37.0-py3-none-any.whl (26 kB)
2026-10-08T17:56:48.9429805Z Downloading rpds_py-2026.9.1-cp312-cp312-win_amd64.whl (222 kB)
2026-10-08T17:56:48.9992573Z Downloading typing_extensions-4.16.0-py3-none-any.whl (45 kB)
2026-10-08T17:56:49.4991363Z Installing collected packages: typing-extensions, rpds-py, pygments, pluggy, iniconfig, attrs, referencing, pytest, jsonschema-specifications, jsonschema
2026-10-08T17:56:54.9269858Z 
2026-10-08T17:56:54.9282646Z Successfully installed attrs-26.1.0 iniconfig-2.3.1 jsonschema-4.26.0 jsonschema-specifications-2025.9.1 pluggy-1.6.0 pygments-2.21.0 pytest-9.1.1 referencing-0.37.0 rpds-py-2026.9.1 typing-extensions-4.16.0
2026-10-08T17:56:55.0569960Z ##[group]Run ./lab/run-standard-user.ps1 -Suite routes
2026-10-08T17:56:55.0570235Z [36;1m./lab/run-standard-user.ps1 -Suite routes[0m
2026-10-08T17:56:55.0621560Z shell: C:\Program Files\PowerShell\7\pwsh.EXE -command ". '{0}'"
2026-10-08T17:56:55.0621757Z env:
2026-10-08T17:56:55.0621863Z   PYTHONUTF8: 1
2026-10-08T17:56:55.0622027Z   pythonLocation: C:\hostedtoolcache\windows\Python\3.12.10\x64
2026-10-08T17:56:55.0622285Z   PKG_CONFIG_PATH: C:\hostedtoolcache\windows\Python\3.12.10\x64/lib/pkgconfig
2026-10-08T17:56:55.0622546Z   Python_ROOT_DIR: C:\hostedtoolcache\windows\Python\3.12.10\x64
2026-10-08T17:56:55.0622785Z   Python2_ROOT_DIR: C:\hostedtoolcache\windows\Python\3.12.10\x64
2026-10-08T17:56:55.0623014Z   Python3_ROOT_DIR: C:\hostedtoolcache\windows\Python\3.12.10\x64
2026-10-08T17:56:55.0623250Z   LIBREOFFICE_EXE: C:\Program Files\LibreOffice\program\soffice.com
2026-10-08T17:56:55.0623437Z ##[endgroup]
2026-10-08T17:56:55.8796608Z [31;1mNew-LocalUser: [0mD:\a\nexus-writer-lab\nexus-writer-lab\lab\run-standard-user.ps1:10[0m
2026-10-08T17:56:55.8797208Z [31;1m[0m[36;1mLine |[0m
2026-10-08T17:56:55.8797656Z [31;1m[0m[36;1m[36;1m  10 | [0m … ure -Description [36;1m'Disposable standard-user Writer laboratory fixture'[0m
2026-10-08T17:56:55.8798129Z [31;1m[0m[36;1m[36;1m[0m[36;1m[0m[36;1m     | [31;1m                    ~~~~~~~~~~~~~~~~~~~~~~~~~~~~~~~~~~~~~~~~~~~~~~~~~~~~[0m
2026-10-08T17:56:55.8798727Z [31;1m[0m[36;1m[36;1m[0m[36;1m[0m[36;1m[31;1m[31;1m[36;1m     | [31;1mCannot validate argument on parameter 'Description'. The character length of the 50 argument is too long.[0m
2026-10-08T17:56:55.8799360Z [31;1m[0m[36;1m[36;1m[0m[36;1m[0m[36;1m[31;1m[31;1m[36;1m[31;1m[36;1m     | [31;1mShorten the character length of the argument so it is fewer than or equal to "48" characters, and then try the[0m
2026-10-08T17:56:55.8799851Z [31;1m[0m[36;1m[36;1m[0m[36;1m[0m[36;1m[31;1m[31;1m[36;1m[31;1m[36;1m[31;1m[36;1m     | [31;1mcommand again.[0m
2026-10-08T17:56:55.9221746Z ##[error]Process completed with exit code 1.
2026-10-08T17:56:55.9352447Z ##[group]Run actions/upload-artifact@v4
2026-10-08T17:56:55.9352641Z with:
2026-10-08T17:56:55.9352765Z   name: writer-candidate-routes
2026-10-08T17:56:55.9352909Z   path: lab-evidence/
2026-10-08T17:56:55.9353031Z   if-no-files-found: error
2026-10-08T17:56:55.9353159Z   compression-level: 6
2026-10-08T17:56:55.9353279Z   overwrite: false
2026-10-08T17:56:55.9353396Z   include-hidden-files: false
2026-10-08T17:56:55.9353539Z env:
2026-10-08T17:56:55.9353640Z   PYTHONUTF8: 1
2026-10-08T17:56:55.9353793Z   pythonLocation: C:\hostedtoolcache\windows\Python\3.12.10\x64
2026-10-08T17:56:55.9354051Z   PKG_CONFIG_PATH: C:\hostedtoolcache\windows\Python\3.12.10\x64/lib/pkgconfig
2026-10-08T17:56:55.9354302Z   Python_ROOT_DIR: C:\hostedtoolcache\windows\Python\3.12.10\x64
2026-10-08T17:56:55.9354535Z   Python2_ROOT_DIR: C:\hostedtoolcache\windows\Python\3.12.10\x64
2026-10-08T17:56:55.9354757Z   Python3_ROOT_DIR: C:\hostedtoolcache\windows\Python\3.12.10\x64
2026-10-08T17:56:55.9355013Z   LIBREOFFICE_EXE: C:\Program Files\LibreOffice\program\soffice.com
2026-10-08T17:56:55.9355200Z ##[endgroup]
2026-10-08T17:56:56.0566394Z (node:1372) [DEP0040] DeprecationWarning: The `punycode` module is deprecated. Please use a userland alternative instead.
2026-10-08T17:56:56.0566809Z (Use `node --trace-deprecation ...` to show where the warning was created)
2026-10-08T17:56:56.0769894Z With the provided path, there will be 104 files uploaded
2026-10-08T17:56:56.0773254Z Artifact name is valid!
2026-10-08T17:56:56.0773919Z Root directory input is valid!
2026-10-08T17:56:56.4205056Z Beginning upload of artifact content to blob storage
2026-10-08T17:56:56.7356248Z (node:1372) [DEP0169] DeprecationWarning: `url.parse()` behavior is not standardized and prone to errors that have security implications. Use the WHATWG URL API instead. CVEs are not issued for `url.parse()` vulnerabilities.
2026-10-08T17:56:57.7216641Z Uploaded bytes 8388608
2026-10-08T17:56:57.9990325Z Uploaded bytes 16777216
2026-10-08T17:56:58.1780562Z Uploaded bytes 25165824
2026-10-08T17:56:58.3084742Z Uploaded bytes 25858708
2026-10-08T17:56:58.3691607Z Finished uploading artifact content to blob storage!
2026-10-08T17:56:58.3694171Z SHA256 digest of uploaded artifact zip is b7af2a72488b1249ec19a78a7c3744292342f35e7142eb43e2a9ef3af85a05a3
2026-10-08T17:56:58.3695721Z Finalizing artifact upload
2026-10-08T17:56:58.6633578Z Artifact writer-candidate-routes.zip successfully finalized. Artifact ID 11568523472
2026-10-08T17:56:58.6634235Z Artifact writer-candidate-routes has been successfully uploaded! Final size is 25858708 bytes. Artifact ID is 11568523472
2026-10-08T17:56:58.6642206Z Artifact download URL: https://github.com/PAPACREATOR/nexus-writer-lab/actions/runs/37820186594/artifacts/11568523472
2026-10-08T17:56:58.6920177Z Post job cleanup.
2026-10-08T17:56:58.7965901Z [command]"C:\Program Files\Git\bin\git.exe" version
2026-10-08T17:56:58.8150334Z git version 2.55.0.windows.5
2026-10-08T17:56:58.8188830Z Temporarily overriding HOME='D:\a\_temp\29c5393b-0c58-4fa5-b1c2-004cd9597c78' before making global git config changes
2026-10-08T17:56:58.8189450Z Adding repository directory to the temporary git global config as a safe directory
2026-10-08T17:56:58.8195522Z [command]"C:\Program Files\Git\bin\git.exe" config --global --add safe.directory D:\a\nexus-writer-lab\nexus-writer-lab
2026-10-08T17:56:58.8386168Z [command]"C:\Program Files\Git\bin\git.exe" config --local --name-only --get-regexp core\.sshCommand
2026-10-08T17:56:58.8570367Z [command]"C:\Program Files\Git\bin\git.exe" submodule foreach --recursive "sh -c \"git config --local --name-only --get-regexp 'core\.sshCommand' && git config --local --unset-all 'core.sshCommand' || :\""
2026-10-08T17:56:59.2414438Z [command]"C:\Program Files\Git\bin\git.exe" config --local --name-only --get-regexp http\.https\:\/\/github\.com\/\.extraheader
2026-10-08T17:56:59.2602886Z [command]"C:\Program Files\Git\bin\git.exe" submodule foreach --recursive "sh -c \"git config --local --name-only --get-regexp 'http\.https\:\/\/github\.com\/\.extraheader' && git config --local --unset-all 'http.https://github.com/.extraheader' || :\""
2026-10-08T17:56:59.6215373Z [command]"C:\Program Files\Git\bin\git.exe" config --local --name-only --get-regexp ^includeIf\.gitdir:
2026-10-08T17:56:59.6402251Z [command]"C:\Program Files\Git\bin\git.exe" submodule foreach --recursive "git config --local --show-origin --name-only --get-regexp remote.origin.url"
2026-10-08T17:56:59.9994995Z Cleaning up orphan processes
2026-10-08T17:57:00.0465771Z ##[warning]Node.js 20 is deprecated. The following actions target Node.js 20 but are being forced to run on Node.js 24: actions/checkout@11d5960a326750d5838078e36cf38b85af677262, actions/setup-python@a26af69be951a213d495a4c3e4e4022e16d87065, actions/upload-artifact@v4. For more information see: https://github.blog/changelog/2025-09-19-deprecation-of-node-20-on-github-actions-runners/

