2026-10-08T18:01:15.3416250Z Current runner version: '2.337.0'
2026-10-08T18:01:15.3446586Z ##[group]Runner Image Provisioner
2026-10-08T18:01:15.3447566Z Hosted Compute Agent
2026-10-08T18:01:15.3448202Z Version: 20260901.588
2026-10-08T18:01:15.3448953Z Commit: f88ec8081b781fac6c440065ac7ff9e710ce3d0b
2026-10-08T18:01:15.3449840Z Build Date: 2026-09-01T19:56:44Z
2026-10-08T18:01:15.3450643Z Worker ID: {6e9c32e1-ebff-4f26-a396-289cc96027fd}
2026-10-08T18:01:15.3451524Z Azure Region: northcentralus
2026-10-08T18:01:15.3452217Z ##[endgroup]
2026-10-08T18:01:15.3453758Z ##[group]Operating System
2026-10-08T18:01:15.3454580Z Microsoft Windows Server 2025
2026-10-08T18:01:15.3455288Z 10.0.26100
2026-10-08T18:01:15.3455897Z Datacenter
2026-10-08T18:01:15.3456498Z ##[endgroup]
2026-10-08T18:01:15.3457155Z ##[group]Runner Image
2026-10-08T18:01:15.3457878Z Image: windows-2025-vs2026
2026-10-08T18:01:15.3458589Z Version: 20260925.250.1
2026-10-08T18:01:15.3460794Z Included Software: https://github.com/actions/runner-images/blob/win25-vs2026/20260925.250/images/windows/Windows2025-VS2026-Readme.md
2026-10-08T18:01:15.3462203Z Image Release: https://github.com/actions/runner-images/releases/tag/win25-vs2026%2F20260925.250
2026-10-08T18:01:15.3462962Z ##[endgroup]
2026-10-08T18:01:15.3463841Z ##[group]GITHUB_TOKEN Permissions
2026-10-08T18:01:15.3465414Z Contents: read
2026-10-08T18:01:15.3465910Z Metadata: read
2026-10-08T18:01:15.3466361Z ##[endgroup]
2026-10-08T18:01:15.3468051Z Secret source: Actions
2026-10-08T18:01:15.3468839Z Cache mode: write
2026-10-08T18:01:15.3469389Z Prepare workflow directory
2026-10-08T18:01:15.3829613Z Prepare all required actions
2026-10-08T18:01:15.3879721Z Getting action download info
2026-10-08T18:01:15.5953947Z Download action repository 'actions/checkout@11d5960a326750d5838078e36cf38b85af677262' (SHA:11d5960a326750d5838078e36cf38b85af677262)
2026-10-08T18:01:15.6954920Z Download action repository 'actions/setup-python@a26af69be951a213d495a4c3e4e4022e16d87065' (SHA:a26af69be951a213d495a4c3e4e4022e16d87065)
2026-10-08T18:01:15.8752785Z Download action repository 'actions/upload-artifact@v4' (SHA:ea165f8d65b6e75b540449e92b4886f43607fa02)
2026-10-08T18:01:16.2322444Z Complete job name: candidate
2026-10-08T18:01:16.3692306Z ##[group]Run actions/checkout@11d5960a326750d5838078e36cf38b85af677262
2026-10-08T18:01:16.3693846Z with:
2026-10-08T18:01:16.3694449Z   ref: 433d3238f0ed8be884f08d0b9774a8cf9217d821
2026-10-08T18:01:16.3695239Z   fetch-depth: 0
2026-10-08T18:01:16.3695825Z   persist-credentials: false
2026-10-08T18:01:16.3696528Z   repository: PAPACREATOR/nexus-writer-lab
2026-10-08T18:01:16.3702560Z   token: ***
2026-10-08T18:01:16.3703131Z   ssh-strict: true
2026-10-08T18:01:16.3703934Z   ssh-user: git
2026-10-08T18:01:16.3704486Z   clean: true
2026-10-08T18:01:16.3705068Z   sparse-checkout-cone-mode: true
2026-10-08T18:01:16.3705782Z   fetch-tags: false
2026-10-08T18:01:16.3706372Z   show-progress: true
2026-10-08T18:01:16.3706976Z   lfs: false
2026-10-08T18:01:16.3707567Z   submodules: false
2026-10-08T18:01:16.3708161Z   set-safe-directory: true
2026-10-08T18:01:16.3708844Z   allow-unsafe-pr-checkout: false
2026-10-08T18:01:16.3709795Z env:
2026-10-08T18:01:16.3710368Z   PYTHONUTF8: 1
2026-10-08T18:01:16.3710919Z ##[endgroup]
2026-10-08T18:01:16.5389006Z Syncing repository: PAPACREATOR/nexus-writer-lab
2026-10-08T18:01:16.5390766Z ##[group]Getting Git version info
2026-10-08T18:01:16.5391372Z Working directory is 'D:\a\nexus-writer-lab\nexus-writer-lab'
2026-10-08T18:01:16.6010838Z [command]"C:\Program Files\Git\bin\git.exe" version
2026-10-08T18:01:16.9722598Z git version 2.55.0.windows.5
2026-10-08T18:01:16.9759914Z ##[endgroup]
2026-10-08T18:01:16.9776508Z Temporarily overriding HOME='D:\a\_temp\56af1863-a9d0-4b15-b094-96efedc1654b' before making global git config changes
2026-10-08T18:01:16.9777885Z Adding repository directory to the temporary git global config as a safe directory
2026-10-08T18:01:16.9785126Z [command]"C:\Program Files\Git\bin\git.exe" config --global --add safe.directory D:\a\nexus-writer-lab\nexus-writer-lab
2026-10-08T18:01:17.0996506Z Deleting the contents of 'D:\a\nexus-writer-lab\nexus-writer-lab'
2026-10-08T18:01:17.1002173Z ##[group]Initializing the repository
2026-10-08T18:01:17.1009420Z [command]"C:\Program Files\Git\bin\git.exe" init D:\a\nexus-writer-lab\nexus-writer-lab
2026-10-08T18:01:17.1776655Z Initialized empty Git repository in D:/a/nexus-writer-lab/nexus-writer-lab/.git/
2026-10-08T18:01:17.1821548Z [command]"C:\Program Files\Git\bin\git.exe" remote add origin https://github.com/PAPACREATOR/nexus-writer-lab
2026-10-08T18:01:17.2364281Z ##[endgroup]
2026-10-08T18:01:17.2365578Z ##[group]Disabling automatic garbage collection
2026-10-08T18:01:17.2371578Z [command]"C:\Program Files\Git\bin\git.exe" config --local gc.auto 0
2026-10-08T18:01:17.2620343Z ##[endgroup]
2026-10-08T18:01:17.2621675Z ##[group]Setting up auth
2026-10-08T18:01:17.2630362Z [command]"C:\Program Files\Git\bin\git.exe" config --local --name-only --get-regexp core\.sshCommand
2026-10-08T18:01:17.2886776Z [command]"C:\Program Files\Git\bin\git.exe" submodule foreach --recursive "sh -c \"git config --local --name-only --get-regexp 'core\.sshCommand' && git config --local --unset-all 'core.sshCommand' || :\""
2026-10-08T18:01:19.5540615Z [command]"C:\Program Files\Git\bin\git.exe" config --local --name-only --get-regexp http\.https\:\/\/github\.com\/\.extraheader
2026-10-08T18:01:19.5790207Z [command]"C:\Program Files\Git\bin\git.exe" submodule foreach --recursive "sh -c \"git config --local --name-only --get-regexp 'http\.https\:\/\/github\.com\/\.extraheader' && git config --local --unset-all 'http.https://github.com/.extraheader' || :\""
2026-10-08T18:01:20.0505782Z [command]"C:\Program Files\Git\bin\git.exe" config --local --name-only --get-regexp ^includeIf\.gitdir:
2026-10-08T18:01:20.0797841Z [command]"C:\Program Files\Git\bin\git.exe" submodule foreach --recursive "git config --local --show-origin --name-only --get-regexp remote.origin.url"
2026-10-08T18:01:20.6059906Z [command]"C:\Program Files\Git\bin\git.exe" config --local http.https://github.com/.extraheader "AUTHORIZATION: basic ***"
2026-10-08T18:01:20.6345017Z ##[endgroup]
2026-10-08T18:01:20.6347554Z ##[group]Fetching the repository
2026-10-08T18:01:20.6360480Z [command]"C:\Program Files\Git\bin\git.exe" -c protocol.version=2 fetch --prune --no-recurse-submodules origin +refs/heads/*:refs/remotes/origin/* +refs/tags/*:refs/tags/*
2026-10-08T18:01:22.4648845Z From https://github.com/PAPACREATOR/nexus-writer-lab
2026-10-08T18:01:22.4689008Z  * [new branch]      main       -> origin/main
2026-10-08T18:01:22.4706370Z [command]"C:\Program Files\Git\bin\git.exe" rev-parse --verify --quiet 433d3238f0ed8be884f08d0b9774a8cf9217d821^{object}
2026-10-08T18:01:22.4974770Z 433d3238f0ed8be884f08d0b9774a8cf9217d821
2026-10-08T18:01:22.5011643Z ##[endgroup]
2026-10-08T18:01:22.5012246Z ##[group]Determining the checkout info
2026-10-08T18:01:22.5012886Z ##[endgroup]
2026-10-08T18:01:22.5026735Z [command]"C:\Program Files\Git\bin\git.exe" sparse-checkout disable
2026-10-08T18:01:22.5488873Z [command]"C:\Program Files\Git\bin\git.exe" config --local --unset-all extensions.worktreeConfig
2026-10-08T18:01:22.5802339Z ##[group]Checking out the ref
2026-10-08T18:01:22.5813290Z [command]"C:\Program Files\Git\bin\git.exe" checkout --progress --force 433d3238f0ed8be884f08d0b9774a8cf9217d821
2026-10-08T18:01:22.9896470Z Note: switching to '433d3238f0ed8be884f08d0b9774a8cf9217d821'.
2026-10-08T18:01:22.9896980Z 
2026-10-08T18:01:22.9897171Z You are in 'detached HEAD' state. You can look around, make experimental
2026-10-08T18:01:22.9897554Z changes and commit them, and you can discard any commits you make in this
2026-10-08T18:01:22.9897904Z state without impacting any branches by switching back to a branch.
2026-10-08T18:01:22.9898159Z 
2026-10-08T18:01:22.9898304Z If you want to create a new branch to retain commits you create, you may
2026-10-08T18:01:22.9898632Z do so (now or later) by using -c with the switch command. Example:
2026-10-08T18:01:22.9899746Z 
2026-10-08T18:01:22.9899852Z   git switch -c <new-branch-name>
2026-10-08T18:01:22.9900040Z 
2026-10-08T18:01:22.9900158Z Or undo this operation with:
2026-10-08T18:01:22.9900285Z 
2026-10-08T18:01:22.9900348Z   git switch -
2026-10-08T18:01:22.9900443Z 
2026-10-08T18:01:22.9900598Z Turn off this advice by setting config variable advice.detachedHead to false
2026-10-08T18:01:22.9900830Z 
2026-10-08T18:01:23.2030479Z HEAD is now at 433d323 Fix standard-user setup description and scope new-run artifacts
2026-10-08T18:01:23.5270802Z ##[endgroup]
2026-10-08T18:01:23.9633868Z [command]"C:\Program Files\Git\bin\git.exe" log -1 --format=%H
2026-10-08T18:01:23.9902492Z 433d3238f0ed8be884f08d0b9774a8cf9217d821
2026-10-08T18:01:23.9943994Z ##[group]Removing auth
2026-10-08T18:01:23.9953143Z [command]"C:\Program Files\Git\bin\git.exe" config --local --name-only --get-regexp core\.sshCommand
2026-10-08T18:01:24.0284080Z [command]"C:\Program Files\Git\bin\git.exe" submodule foreach --recursive "sh -c \"git config --local --name-only --get-regexp 'core\.sshCommand' && git config --local --unset-all 'core.sshCommand' || :\""
2026-10-08T18:01:24.7933118Z [command]"C:\Program Files\Git\bin\git.exe" config --local --name-only --get-regexp http\.https\:\/\/github\.com\/\.extraheader
2026-10-08T18:01:24.8162166Z http.https://github.com/.extraheader
2026-10-08T18:01:24.8202381Z [command]"C:\Program Files\Git\bin\git.exe" config --local --unset-all http.https://github.com/.extraheader
2026-10-08T18:01:24.8480012Z [command]"C:\Program Files\Git\bin\git.exe" submodule foreach --recursive "sh -c \"git config --local --name-only --get-regexp 'http\.https\:\/\/github\.com\/\.extraheader' && git config --local --unset-all 'http.https://github.com/.extraheader' || :\""
2026-10-08T18:01:25.4169319Z [command]"C:\Program Files\Git\bin\git.exe" config --local --name-only --get-regexp ^includeIf\.gitdir:
2026-10-08T18:01:25.4433202Z [command]"C:\Program Files\Git\bin\git.exe" submodule foreach --recursive "git config --local --show-origin --name-only --get-regexp remote.origin.url"
2026-10-08T18:01:25.9402462Z ##[endgroup]
2026-10-08T18:01:26.3227310Z ##[group]Run actions/setup-python@a26af69be951a213d495a4c3e4e4022e16d87065
2026-10-08T18:01:26.3228020Z with:
2026-10-08T18:01:26.3228231Z   python-version: 3.12
2026-10-08T18:01:26.3228402Z   check-latest: false
2026-10-08T18:01:26.3230612Z   token: ***
2026-10-08T18:01:26.3230838Z   update-environment: true
2026-10-08T18:01:26.3231023Z   allow-prereleases: false
2026-10-08T18:01:26.3231200Z   freethreaded: false
2026-10-08T18:01:26.3231433Z env:
2026-10-08T18:01:26.3231583Z   PYTHONUTF8: 1
2026-10-08T18:01:26.3231731Z ##[endgroup]
2026-10-08T18:01:26.4755132Z ##[group]Installed versions
2026-10-08T18:01:27.0422688Z (node:4896) [DEP0040] DeprecationWarning: The `punycode` module is deprecated. Please use a userland alternative instead.
2026-10-08T18:01:27.0423576Z (Use `node --trace-deprecation ...` to show where the warning was created)
2026-10-08T18:01:27.0424124Z Successfully set up CPython (3.12.10)
2026-10-08T18:01:27.0424763Z ##[endgroup]
2026-10-08T18:01:27.0685204Z ##[group]Run ./lab/install-writer.ps1
2026-10-08T18:01:27.0685581Z [36;1m./lab/install-writer.ps1[0m
2026-10-08T18:01:28.6669738Z shell: C:\Program Files\PowerShell\7\pwsh.EXE -command ". '{0}'"
2026-10-08T18:01:28.6670037Z env:
2026-10-08T18:01:28.6670193Z   PYTHONUTF8: 1
2026-10-08T18:01:28.6670424Z   pythonLocation: C:\hostedtoolcache\windows\Python\3.12.10\x64
2026-10-08T18:01:28.6670799Z   PKG_CONFIG_PATH: C:\hostedtoolcache\windows\Python\3.12.10\x64/lib/pkgconfig
2026-10-08T18:01:28.6671149Z   Python_ROOT_DIR: C:\hostedtoolcache\windows\Python\3.12.10\x64
2026-10-08T18:01:28.6671462Z   Python2_ROOT_DIR: C:\hostedtoolcache\windows\Python\3.12.10\x64
2026-10-08T18:01:28.6671765Z   Python3_ROOT_DIR: C:\hostedtoolcache\windows\Python\3.12.10\x64
2026-10-08T18:01:28.6672000Z ##[endgroup]
2026-10-08T18:02:57.8002901Z ##[group]Run python -m pip install jsonschema==4.26.0 pytest==9.1.1
2026-10-08T18:02:57.8003395Z [36;1mpython -m pip install jsonschema==4.26.0 pytest==9.1.1[0m
2026-10-08T18:02:57.8068577Z shell: C:\Program Files\PowerShell\7\pwsh.EXE -command ". '{0}'"
2026-10-08T18:02:57.8068999Z env:
2026-10-08T18:02:57.8069207Z   PYTHONUTF8: 1
2026-10-08T18:02:57.8069562Z   pythonLocation: C:\hostedtoolcache\windows\Python\3.12.10\x64
2026-10-08T18:02:57.8070154Z   PKG_CONFIG_PATH: C:\hostedtoolcache\windows\Python\3.12.10\x64/lib/pkgconfig
2026-10-08T18:02:57.8070571Z   Python_ROOT_DIR: C:\hostedtoolcache\windows\Python\3.12.10\x64
2026-10-08T18:02:57.8070935Z   Python2_ROOT_DIR: C:\hostedtoolcache\windows\Python\3.12.10\x64
2026-10-08T18:02:57.8071297Z   Python3_ROOT_DIR: C:\hostedtoolcache\windows\Python\3.12.10\x64
2026-10-08T18:02:57.8071682Z   LIBREOFFICE_EXE: C:\Program Files\LibreOffice\program\soffice.com
2026-10-08T18:02:57.8071996Z ##[endgroup]
2026-10-08T18:03:26.6310665Z Collecting jsonschema==4.26.0
2026-10-08T18:03:26.8107983Z   Downloading jsonschema-4.26.0-py3-none-any.whl.metadata (7.6 kB)
2026-10-08T18:03:26.8982859Z Collecting pytest==9.1.1
2026-10-08T18:03:26.9025903Z   Downloading pytest-9.1.1-py3-none-any.whl.metadata (7.6 kB)
2026-10-08T18:03:26.9940013Z Collecting attrs>=22.2.0 (from jsonschema==4.26.0)
2026-10-08T18:03:26.9982357Z   Downloading attrs-26.1.0-py3-none-any.whl.metadata (8.8 kB)
2026-10-08T18:03:27.1173355Z Collecting jsonschema-specifications>=2023.03.6 (from jsonschema==4.26.0)
2026-10-08T18:03:27.1218696Z   Downloading jsonschema_specifications-2025.9.1-py3-none-any.whl.metadata (2.9 kB)
2026-10-08T18:03:27.2488416Z Collecting referencing>=0.28.4 (from jsonschema==4.26.0)
2026-10-08T18:03:27.2532778Z   Downloading referencing-0.37.0-py3-none-any.whl.metadata (2.8 kB)
2026-10-08T18:03:27.5599540Z Collecting rpds-py>=0.25.0 (from jsonschema==4.26.0)
2026-10-08T18:03:27.5644305Z   Downloading rpds_py-2026.9.1-cp312-cp312-win_amd64.whl.metadata (4.2 kB)
2026-10-08T18:03:27.5815954Z Requirement already satisfied: colorama>=0.4 in C:\hostedtoolcache\windows\Python\3.12.10\x64\Lib\site-packages (from pytest==9.1.1) (0.4.6)
2026-10-08T18:03:27.6015441Z Collecting iniconfig>=1.0.1 (from pytest==9.1.1)
2026-10-08T18:03:27.6054750Z   Downloading iniconfig-2.3.1-py3-none-any.whl.metadata (2.8 kB)
2026-10-08T18:03:27.6198364Z Requirement already satisfied: packaging>=22 in C:\hostedtoolcache\windows\Python\3.12.10\x64\Lib\site-packages (from pytest==9.1.1) (26.3)
2026-10-08T18:03:27.6391815Z Collecting pluggy<2,>=1.5 (from pytest==9.1.1)
2026-10-08T18:03:27.6432014Z   Downloading pluggy-1.6.0-py3-none-any.whl.metadata (4.8 kB)
2026-10-08T18:03:27.6856472Z Collecting pygments>=2.7.2 (from pytest==9.1.1)
2026-10-08T18:03:27.6896775Z   Downloading pygments-2.21.0-py3-none-any.whl.metadata (2.5 kB)
2026-10-08T18:03:27.8144092Z Collecting typing-extensions>=4.4.0 (from referencing>=0.28.4->jsonschema==4.26.0)
2026-10-08T18:03:27.8185208Z   Downloading typing_extensions-4.16.0-py3-none-any.whl.metadata (3.3 kB)
2026-10-08T18:03:27.8408868Z Downloading jsonschema-4.26.0-py3-none-any.whl (90 kB)
2026-10-08T18:03:27.9697012Z Downloading pytest-9.1.1-py3-none-any.whl (386 kB)
2026-10-08T18:03:28.0021852Z Downloading pluggy-1.6.0-py3-none-any.whl (20 kB)
2026-10-08T18:03:28.0208334Z Downloading attrs-26.1.0-py3-none-any.whl (67 kB)
2026-10-08T18:03:28.0381542Z Downloading iniconfig-2.3.1-py3-none-any.whl (7.6 kB)
2026-10-08T18:03:28.0860295Z Downloading jsonschema_specifications-2025.9.1-py3-none-any.whl (18 kB)
2026-10-08T18:03:28.1058025Z Downloading pygments-2.21.0-py3-none-any.whl (1.3 MB)
2026-10-08T18:03:28.1449026Z    ---------------------------------------- 1.3/1.3 MB 21.0 MB/s  0:00:00
2026-10-08T18:03:28.1491698Z Downloading referencing-0.37.0-py3-none-any.whl (26 kB)
2026-10-08T18:03:28.1663423Z Downloading rpds_py-2026.9.1-cp312-cp312-win_amd64.whl (222 kB)
2026-10-08T18:03:28.2465996Z Downloading typing_extensions-4.16.0-py3-none-any.whl (45 kB)
2026-10-08T18:03:28.8037952Z Installing collected packages: typing-extensions, rpds-py, pygments, pluggy, iniconfig, attrs, referencing, pytest, jsonschema-specifications, jsonschema
2026-10-08T18:03:31.8388658Z 
2026-10-08T18:03:31.8405950Z Successfully installed attrs-26.1.0 iniconfig-2.3.1 jsonschema-4.26.0 jsonschema-specifications-2025.9.1 pluggy-1.6.0 pygments-2.21.0 pytest-9.1.1 referencing-0.37.0 rpds-py-2026.9.1 typing-extensions-4.16.0
2026-10-08T18:03:31.9934512Z ##[group]Run ./lab/run-standard-user.ps1 -Suite routes
2026-10-08T18:03:31.9934878Z [36;1m./lab/run-standard-user.ps1 -Suite routes[0m
2026-10-08T18:03:31.9992063Z shell: C:\Program Files\PowerShell\7\pwsh.EXE -command ". '{0}'"
2026-10-08T18:03:31.9992339Z env:
2026-10-08T18:03:31.9992488Z   PYTHONUTF8: 1
2026-10-08T18:03:31.9992711Z   pythonLocation: C:\hostedtoolcache\windows\Python\3.12.10\x64
2026-10-08T18:03:31.9993068Z   PKG_CONFIG_PATH: C:\hostedtoolcache\windows\Python\3.12.10\x64/lib/pkgconfig
2026-10-08T18:03:31.9993407Z   Python_ROOT_DIR: C:\hostedtoolcache\windows\Python\3.12.10\x64
2026-10-08T18:03:31.9993727Z   Python2_ROOT_DIR: C:\hostedtoolcache\windows\Python\3.12.10\x64
2026-10-08T18:03:31.9994027Z   Python3_ROOT_DIR: C:\hostedtoolcache\windows\Python\3.12.10\x64
2026-10-08T18:03:31.9994347Z   LIBREOFFICE_EXE: C:\Program Files\LibreOffice\program\soffice.com
2026-10-08T18:03:31.9994604Z ##[endgroup]
2026-10-08T18:03:56.8826135Z New-Item : Access to the path 'NexusWriterLab' is denied.
2026-10-08T18:03:56.8827552Z At D:\a\nexus-writer-lab\nexus-writer-lab\lab\user-bootstrap.ps1:4 char:7
2026-10-08T18:03:56.8828602Z + $null=New-Item -ItemType Directory -Path $target -Force
2026-10-08T18:03:56.8829642Z +       ~~~~~~~~~~~~~~~~~~~~~~~~~~~~~~~~~~~~~~~~~~~~~~~~~
2026-10-08T18:03:56.8830864Z     + CategoryInfo          : PermissionDenied: (C:\Users\runneradmin\NexusWriterLab:String) [New 
2026-10-08T18:03:56.8832097Z    -Item], UnauthorizedAccessException
2026-10-08T18:03:56.8833401Z     + FullyQualifiedErrorId : CreateDirectoryUnauthorizedAccessError,Microsoft.PowerShell.Command 
2026-10-08T18:03:56.8834131Z    s.NewItemCommand
2026-10-08T18:03:56.8835282Z  
2026-10-08T18:03:57.0609443Z [31;1mException: [0mD:\a\nexus-writer-lab\nexus-writer-lab\lab\run-standard-user.ps1:25[0m
2026-10-08T18:03:57.0610177Z [31;1m[0m[36;1mLine |[0m
2026-10-08T18:03:57.0610740Z [31;1m[0m[36;1m[36;1m  25 | [0m … derr.txt'); [36;1mthrow 'Standard-user validation failed; preserve evidence[0m …[0m
2026-10-08T18:03:57.0611457Z [31;1m[0m[36;1m[36;1m[0m[36;1m[0m[36;1m     | [31;1m               ~~~~~~~~~~~~~~~~~~~~~~~~~~~~~~~~~~~~~~~~~~~~~~~~~~~~~~~~~[0m
2026-10-08T18:03:57.0611985Z [31;1m[0m[36;1m[36;1m[0m[36;1m[0m[36;1m[31;1m[31;1m[36;1m     | [31;1mStandard-user validation failed; preserve evidence[0m
2026-10-08T18:03:57.0821008Z ##[error]Process completed with exit code 1.
2026-10-08T18:03:57.0983178Z ##[group]Run actions/upload-artifact@v4
2026-10-08T18:03:57.0983453Z with:
2026-10-08T18:03:57.0983889Z   name: writer-candidate-routes
2026-10-08T18:03:57.0984433Z   path: lab-evidence/standard-user/
lab-evidence/standard-user-launch/
lab-evidence/libreoffice-version.txt
lab-evidence/writer-binary-hash.json

2026-10-08T18:03:57.0984943Z   if-no-files-found: error
2026-10-08T18:03:57.0985123Z   compression-level: 6
2026-10-08T18:03:57.0985286Z   overwrite: false
2026-10-08T18:03:57.0985447Z   include-hidden-files: false
2026-10-08T18:03:57.0985620Z env:
2026-10-08T18:03:57.0985758Z   PYTHONUTF8: 1
2026-10-08T18:03:57.0985976Z   pythonLocation: C:\hostedtoolcache\windows\Python\3.12.10\x64
2026-10-08T18:03:57.0986330Z   PKG_CONFIG_PATH: C:\hostedtoolcache\windows\Python\3.12.10\x64/lib/pkgconfig
2026-10-08T18:03:57.0986677Z   Python_ROOT_DIR: C:\hostedtoolcache\windows\Python\3.12.10\x64
2026-10-08T18:03:57.0987003Z   Python2_ROOT_DIR: C:\hostedtoolcache\windows\Python\3.12.10\x64
2026-10-08T18:03:57.0987306Z   Python3_ROOT_DIR: C:\hostedtoolcache\windows\Python\3.12.10\x64
2026-10-08T18:03:57.0988221Z   LIBREOFFICE_EXE: C:\Program Files\LibreOffice\program\soffice.com
2026-10-08T18:03:57.0988488Z ##[endgroup]
2026-10-08T18:03:57.2576038Z (node:7660) [DEP0040] DeprecationWarning: The `punycode` module is deprecated. Please use a userland alternative instead.
2026-10-08T18:03:57.2576586Z (Use `node --trace-deprecation ...` to show where the warning was created)
2026-10-08T18:03:57.2641599Z Multiple search paths detected. Calculating the least common ancestor of all paths
2026-10-08T18:03:57.2644337Z The least common ancestor is D:\a\nexus-writer-lab\nexus-writer-lab\lab-evidence. This will be the root directory of the artifact
2026-10-08T18:03:57.2645045Z With the provided path, there will be 5 files uploaded
2026-10-08T18:03:57.2649091Z Artifact name is valid!
2026-10-08T18:03:57.2650389Z Root directory input is valid!
2026-10-08T18:03:57.5373402Z Beginning upload of artifact content to blob storage
2026-10-08T18:03:57.5577845Z (node:7660) [DEP0169] DeprecationWarning: `url.parse()` behavior is not standardized and prone to errors that have security implications. Use the WHATWG URL API instead. CVEs are not issued for `url.parse()` vulnerabilities.
2026-10-08T18:03:57.6611697Z Uploaded bytes 1385
2026-10-08T18:03:57.6948675Z Finished uploading artifact content to blob storage!
2026-10-08T18:03:57.6949462Z SHA256 digest of uploaded artifact zip is 4b1f71ec251760b17899192b34b82ca3e5f02766d98f77cf3059105c305c6153
2026-10-08T18:03:57.6951461Z Finalizing artifact upload
2026-10-08T18:03:57.9110674Z Artifact writer-candidate-routes.zip successfully finalized. Artifact ID 11568289958
2026-10-08T18:03:57.9111358Z Artifact writer-candidate-routes has been successfully uploaded! Final size is 1385 bytes. Artifact ID is 11568289958
2026-10-08T18:03:57.9119821Z Artifact download URL: https://github.com/PAPACREATOR/nexus-writer-lab/actions/runs/37821029914/artifacts/11568289958
2026-10-08T18:03:57.9412745Z Post job cleanup.
2026-10-08T18:03:58.0761065Z [command]"C:\Program Files\Git\bin\git.exe" version
2026-10-08T18:03:58.0988094Z git version 2.55.0.windows.5
2026-10-08T18:03:58.1038634Z Temporarily overriding HOME='D:\a\_temp\32c952b6-45c5-43cf-ba34-f62634a155fa' before making global git config changes
2026-10-08T18:03:58.1039328Z Adding repository directory to the temporary git global config as a safe directory
2026-10-08T18:03:58.1048206Z [command]"C:\Program Files\Git\bin\git.exe" config --global --add safe.directory D:\a\nexus-writer-lab\nexus-writer-lab
2026-10-08T18:03:58.1283997Z [command]"C:\Program Files\Git\bin\git.exe" config --local --name-only --get-regexp core\.sshCommand
2026-10-08T18:03:58.1558630Z [command]"C:\Program Files\Git\bin\git.exe" submodule foreach --recursive "sh -c \"git config --local --name-only --get-regexp 'core\.sshCommand' && git config --local --unset-all 'core.sshCommand' || :\""
2026-10-08T18:03:58.6436147Z [command]"C:\Program Files\Git\bin\git.exe" config --local --name-only --get-regexp http\.https\:\/\/github\.com\/\.extraheader
2026-10-08T18:03:58.6695474Z [command]"C:\Program Files\Git\bin\git.exe" submodule foreach --recursive "sh -c \"git config --local --name-only --get-regexp 'http\.https\:\/\/github\.com\/\.extraheader' && git config --local --unset-all 'http.https://github.com/.extraheader' || :\""
2026-10-08T18:03:59.1346627Z [command]"C:\Program Files\Git\bin\git.exe" config --local --name-only --get-regexp ^includeIf\.gitdir:
2026-10-08T18:03:59.1605433Z [command]"C:\Program Files\Git\bin\git.exe" submodule foreach --recursive "git config --local --show-origin --name-only --get-regexp remote.origin.url"
2026-10-08T18:03:59.6043043Z Cleaning up orphan processes
2026-10-08T18:03:59.6722853Z ##[warning]Node.js 20 is deprecated. The following actions target Node.js 20 but are being forced to run on Node.js 24: actions/checkout@11d5960a326750d5838078e36cf38b85af677262, actions/setup-python@a26af69be951a213d495a4c3e4e4022e16d87065, actions/upload-artifact@v4. For more information see: https://github.blog/changelog/2025-09-19-deprecation-of-node-20-on-github-actions-runners/

